-- -- --  -- -- --  -- V2 --  -- W2 --  -- W3 --  -- W2 --  -- V2 --  -- V2 --  -- V2 --  -- V2 --  -- -- --
-- -- --  -- -- --  V2 -- --  -- -- --  -- -- --  -- -- --  -- -- --  -- -- --  -- -- V2  V2 -- V2  V2 -- --
-- -- --  -- -- --  -- -- --  -- -- --  -- -- --  -- -- --  -- -- --  -- -- --  -- -- --  -- V2 --  -- -- --

-- -- --  -- V2 --  -- -- --  -- -- --  -- -- --  -- -- --  -- -- --  -- -- --  -- -- --  -- V2 --  -- -- --
-- -- --  V2 -- --  -- -- --  -- -- --  -- -- --  -- -- --  -- -- --  -- -- --  -- @w W2  V2 -- V2  V2 -- --
-- -- --  -- -- --  -- -- --  -- -- --  -- -- --  -- -- --  -- -- --  -- V2 --  -- -- --  -- -- --  -- -- --

-- V2 --  -- -- --  -- -- --  -- -- --  -- -- --  -- -- --  -- -- --  -- V2 --  -- -- --  -- -- --  -- -- --
V2 -- --  -- -- --  -- -- --  -- -- --  -- -- --  -- -- --  -- -- V2  V2 -- V2  V2 -- W2  V2 -- V2  V2 -- --
-- -- --  -- -- --  -- V2 --  -- W3 --  -- W3 --  -- W2 --  -- V2 --  -- -- --  -- -- --  -- V2 --  -- -- --

-- -- --  -- -- --  -- V2 --  -- V2 --  -- V2 --  -- V2 --  -- V2 --  -- -- --  -- -- --  -- V2 --  -- -- --
V2 -- --  -- -- V2  V2 -- --  -- -- --  -- -- --  -- -- --  -- -- V2  V2 -- --  -- -- W2  V2 -- V2  V2 -- --
-- -- --  -- -- --  -- -- --  -- -- --  -- -- --  -- -- --  -- -- --  -- -- --  -- -- --  -- -- --  -- -- --

-- -- --  -- -- --  -- -- --  -- -- --  -- -- --  -- -- --  -- -- --  -- -- --  -- -- --  -- -- --  -- -- --
V2 -- --  -- -- V2  V2 -- --  -- -- --  -- -- --  -- -- --  -- -- V2  V2 -- W2  V2 -- --  -- -- V2  V2 -- --
-- -- --  -- -- --  -- -- --  -- -- --  -- -- --  -- -- --  -- -- --  -- V2 --  -- -- --  -- -- --  -- V2 --

-- -- --  -- -- --  -- -- --  -- -- --  -- -- --  -- -- --  -- -- --  -- V2 --  -- -- --  -- -- --  -- V2 --
V2 -- --  -- -- V2  V2 -- --  -- -- --  -- -- --  -- -- --  -- -- V2  V2 -- --  -- -- V2  V2 -- --  -- -- V2
-- -- --  -- -- --  -- V2 --  -- -- --  -- -- --  -- -- --  -- -- --  -- -- --  -- -- --  -- -- --  -- -- --

-- -- --  -- -- --  -- V2 --  -- -- --  -- -- --  -- -- --  -- -- --  -- -- --  -- -- --  -- -- --  -- -- --
V2 -- --  -- -- --  -- -- V2  V2 -- --  -- -- --  -- -- --  -- -- V2  V2 -- --  -- -- --  -- -- V2  V2 -- V2
-- V2 --  -- V2 --  -- V2 --  -- -- --  -- -- --  -- -- --  -- -- --  -- V2 --  -- V2 --  -- V2 --  -- V2 --
