-- -- --  -- -- --  -- -- --  -- -- --  -- -- --  -- V2 --  -- V2 --  -- V2 --  -- V2 --  -- V2 --  -- V2 --  -- V2 --  -- V2 --  -- V2 --  -- V2 --  -- V2 --  -- V2 --  -- V2 --  -- -- --  -- -- --
-- -- --  -- -- --  -- -- --  -- -- --  -- -- --  V2 -- --  -- -- --  -- -- --  -- -- --  -- -- --  -- -- --  -- -- --  -- -- --  -- -- --  -- -- --  -- -- V2  V2 -- --  -- -- V2  V2 -- --  -- -- --
-- -- --  -- -- --  -- -- --  -- -- --  -- -- --  -- -- --  -- -- --  -- -- --  -- -- --  -- -- --  -- -- --  -- -- --  -- -- --  -- -- --  -- -- --  -- -- --  -- -- --  -- -- --  -- -- --  -- -- --

-- -- --  -- -- --  -- -- --  -- -- --  -- -- --  -- -- --  -- -- --  -- -- --  -- -- --  -- -- --  -- -- --  -- -- --  -- -- --  -- -- --  -- -- --  -- -- --  -- -- --  -- -- --  -- -- --  -- -- --
-- -- --  -- -- --  -- -- --  -- -- --  -- -- --  V2 -- --  -- -- --  -- -- --  -- -- --  -- -- --  -- -- --  -- -- --  -- -- --  -- -- --  -- -- --  -- -- V2  V2 -- --  -- -- V2  V2 -- --  -- -- --
-- -- --  -- -- --  -- -- --  -- -- --  -- -- --  -- -- --  -- -- --  -- -- --  -- -- --  -- -- --  -- -- --  -- -- --  -- -- --  -- -- --  -- -- --  -- -- --  -- V2 --  -- -- --  -- -- --  -- -- --

-- -- --  -- -- --  -- V2 --  -- V2 --  -- V2 --  -- -- --  -- -- --  -- -- --  -- -- --  -- -- --  -- -- --  -- -- --  -- -- --  -- -- --  -- -- --  -- -- --  -- v2 --  -- -- --  -- -- --  -- -- --
-- -- --  -- -- --  V2 -- --  -- -- --  -- -- --  -- -- --  -- -- --  -- -- --  -- -- --  -- -- --  -- -- --  -- -- --  -- -- --  -- -- --  -- -- --  -- -- v2  v2 -- --  -- -- v2  v2 -- --  -- -- --
-- -- --  -- -- --  -- -- --  -- -- --  -- -- --  -- -- --  -- -- --  -- -- --  -- -- --  -- -- --  -- -- --  -- -- --  -- -- --  -- -- --  -- -- --  -- -- --  -- -- --  -- -- --  -- -- --  -- -- --

-- -- --  -- -- --  -- -- --  -- -- --  -- -- --  -- -- --  -- -- --  -- -- --  -- -- --  -- -- --  -- -- --  -- -- --  -- -- --  -- -- --  -- -- --  -- -- --  -- -- --  -- -- --  -- -- --  -- -- --
-- -- --  -- -- --  V2 -- --  -- -- --  -- -- --  -- -- --  -- -- --  -- -- --  -- -- --  -- -- --  -- -- --  -- -- --  -- -- --  -- -- --  -- -- --  -- -- --  -- -- --  -- -- V2  V2 -- --  -- -- --
-- -- --  -- -- --  -- -- --  -- -- --  -- -- --  -- -- --  -- -- --  -- -- --  -- -- --  -- -- --  -- -- --  -- -- --  -- -- --  -- -- --  -- -- --  -- -- --  -- -- --  -- -- --  -- -- --  -- -- --

-- v2 --  -- V2 --  -- -- --  -- -- --  -- -- --  -- -- --  -- -- --  -- -- --  -- -- --  -- -- --  -- -- --  -- -- --  -- -- --  -- V2 --  -- v2 --  -- -- --  -- -- --  -- -- --  -- -- --  -- -- --
v2 -- --  -- -- --  -- -- --  -- -- --  -- -- --  -- -- --  -- -- --  -- -- --  -- -- --  -- -- --  -- -- --  -- -- --  -- -- v2  V2 -- --  -- -- v2  v2 -- v2  v2 -- --  -- -- V2  v2 -- --  -- -- --
-- -- --  -- -- --  -- -- --  -- -- --  -- -- --  -- -- --  -- -- --  -- -- --  -- -- --  -- -- --  -- -- --  -- -- --  -- -- --  -- -- --  -- -- --  -- -- --  -- -- --  -- -- --  -- -- --  -- -- --

-- -- --  -- -- --  -- -- --  -- -- --  -- -- --  -- -- --  -- -- --  -- -- --  -- -- --  -- -- --  -- -- --  -- -- --  -- -- --  -- -- --  -- -- --  -- -- --  -- -- --  -- -- --  -- -- --  -- -- --
V2 -- --  -- -- --  -- -- --  -- -- --  -- -- --  -- -- --  -- -- --  -- -- --  -- -- --  -- -- --  -- -- --  -- -- --  -- -- V2  V2 -- --  -- -- V2  V2 -- V2  V2 -- --  -- -- V2  V2 -- --  -- -- --
-- -- --  -- -- --  -- -- --  -- -- --  -- V2 --  -- V2 --  -- V2 --  -- V2 --  -- V2 --  -- V2 --  -- V2 --  -- V2 --  -- V2 --  -- -- --  -- -- --  -- -- --  -- V2 --  -- V2 --  -- -- --  -- -- --

-- -- --  -- -- --  -- -- --  -- -- --  -- v2 --  -- v2 --  -- v2 --  -- v2 --  -- v2 --  -- V2 --  -- V2 --  -- V2 --  -- V2 --  -- -- --  -- -- --  -- -- --  -- V2 --  -- V2 --  -- -- --  -- -- --
v2 -- --  -- -- --  -- -- --  -- -- v2  v2 -- --  -- -- --  -- -- --  -- -- --  -- -- --  -- -- --  -- -- --  -- -- --  -- -- v2  v2 -- --  -- -- v2  v2 -- v2  v2 -- --  -- -- V2  V2 -- --  -- -- --
-- -- --  -- -- --  -- -- --  -- -- --  -- -- --  -- -- --  -- -- --  -- -- --  -- -- --  -- -- --  -- -- --  -- -- --  -- -- --  -- -- --  -- -- --  -- -- --  -- -- --  -- -- --  -- -- --  -- -- --

-- -- --  -- -- --  -- -- --  -- -- --  -- -- --  -- -- --  -- -- --  -- -- --  -- -- --  -- -- --  -- -- --  -- -- --  -- -- --  -- -- --  -- -- --  -- -- --  -- -- --  -- -- --  -- -- --  -- -- --
V2 -- --  -- -- --  -- -- --  -- -- V2  V2 -- --  -- -- --  -- -- --  -- -- --  -- -- --  -- -- --  -- -- --  -- -- --  -- -- V2  V2 -- --  -- -- --  -- -- V2  V2 -- --  -- -- V2  V2 -- --  -- -- --
-- -- --  -- -- --  -- -- --  -- -- --  -- -- --  -- -- --  -- -- --  -- -- --  -- -- --  -- -- --  -- -- --  -- -- --  -- -- --  -- -- --  -- -- --  -- -- --  -- -- --  -- -- --  -- -- --  -- -- --

-- -- --  -- -- --  -- -- --  -- -- --  -- -- --  -- -- --  -- -- --  -- -- --  -- -- --  -- -- --  -- -- --  -- -- --  -- -- --  -- -- --  -- -- --  -- -- --  -- -- --  -- -- --  -- -- --  -- -- --
V2 -- --  -- -- --  -- -- --  -- -- V2  V2 -- --  -- -- --  -- -- --  -- -- --  -- -- --  -- -- --  -- -- --  -- -- --  -- -- V2  V2 -- --  -- -- V2  V2 -- V2  V2 -- --  -- -- V2  V2 -- --  -- -- --
-- -- --  -- -- --  -- -- --  -- -- --  -- -- --  -- -- --  -- -- --  -- -- --  -- -- --  -- -- --  -- -- --  -- -- --  -- -- --  -- -- --  -- -- --  -- -- --  -- -- --  -- -- --  -- -- --  -- -- --

-- -- --  -- -- --  -- -- --  -- -- --  -- -- --  -- -- --  -- -- --  -- -- --  -- -- --  -- -- --  -- -- --  -- -- --  -- -- --  -- -- --  -- -- --  -- -- --  -- -- --  -- -- --  -- -- --  -- -- --
v2 -- --  -- -- --  -- -- --  -- -- v2  v2 -- --  -- -- --  -- -- --  -- -- --  -- -- --  -- -- --  -- -- --  -- -- --  -- -- v2  v2 -- --  -- -- v2  v2 -- --  -- -- --  -- -- v2  v2 -- --  -- -- --
-- -- --  -- -- --  -- -- --  -- -- --  -- -- --  -- -- --  -- -- --  -- -- --  -- -- --  -- -- --  -- -- --  -- -- --  -- -- --  -- v2 --  -- V2 --  -- -- --  -- -- --  -- -- --  -- V2 --  -- V2 --

-- -- --  -- -- --  -- -- --  -- -- --  -- -- --  -- -- --  -- -- --  -- -- --  -- -- --  -- -- --  -- -- --  -- -- --  -- -- --  -- v2 --  -- V2 --  -- -- --  -- -- --  -- -- --  -- v2 --  -- V2 --
v2 -- --  -- -- --  -- -- --  -- -- v2  v2 -- --  -- -- --  -- -- --  -- -- --  -- -- --  -- -- --  -- -- --  -- -- --  -- -- v2  v2 -- --  -- -- v2  v2 -- V2  V2 -- --  -- -- v2  V2 -- --  -- -- V2
-- -- --  -- -- --  -- -- --  -- -- --  -- -- --  -- -- --  -- -- --  -- -- --  -- -- --  -- -- --  -- -- --  -- -- --  -- -- --  -- -- --  -- -- --  -- -- --  -- -- --  -- -- --  -- -- --  -- -- --

-- -- --  -- -- --  -- -- --  -- -- --  -- -- --  -- -- --  -- -- --  -- -- --  -- -- --  -- -- --  -- -- --  -- -- --  -- -- --  -- -- --  -- -- --  -- -- --  -- -- --  -- -- --  -- -- --  -- -- --
V2 -- --  -- -- --  -- -- --  -- -- V2  V2 -- --  -- -- --  -- -- --  -- -- --  -- -- --  -- -- --  -- -- --  -- -- --  -- -- V2  V2 -- --  -- -- --  -- -- V2  V2 -- --  -- -- --  -- -- --  -- -- V2
-- -- --  -- -- --  -- -- --  -- -- --  -- -- --  -- -- --  -- -- --  -- -- --  -- -- --  -- -- --  -- -- --  -- -- --  -- -- --  -- -- --  -- -- --  -- -- --  -- -- --  -- -- --  -- -- --  -- -- --

-- -- --  -- -- --  -- -- --  -- -- --  -- -- --  -- -- --  -- -- --  -- -- --  -- -- --  -- -- --  -- -- --  -- -- --  -- -- --  -- -- --  -- -- --  -- -- --  -- -- --  -- -- --  -- -- --  -- -- --
V2 -- --  -- -- --  -- -- --  -- -- V2  V2 -- --  -- -- --  -- -- --  -- -- --  -- -- --  -- -- --  -- -- --  -- -- --  -- -- V2  V2 -- --  -- -- --  -- -- V2  V2 -- --  -- -- V2  V2 -- --  -- -- V2
-- -- --  -- -- --  -- -- --  -- -- --  -- V2 --  -- V2 --  -- -- --  -- -- --  -- -- --  -- -- --  -- -- --  -- -- --  -- -- --  -- -- --  -- -- --  -- -- --  -- -- --  -- -- --  -- -- --  -- -- --

-- -- --  -- -- --  -- -- --  -- -- --  -- v2 --  -- V2 --  -- -- --  -- -- --  -- -- --  -- -- --  -- -- --  -- -- --  -- -- --  -- -- --  -- -- --  -- -- --  -- -- --  -- -- --  -- -- --  -- -- --
v2 -- --  -- -- --  -- -- --  -- -- --  -- -- --  -- -- v2  v2 -- --  -- -- --  -- -- --  -- -- --  -- -- --  -- -- --  -- -- v2  v2 -- --  -- -- --  -- -- v2  v2 -- --  -- -- v2  V2 -- --  -- -- V2
-- v2 --  -- v2 --  -- v2 --  -- V2 --  -- V2 --  -- V2 --  -- -- --  -- -- --  -- -- --  -- -- --  -- -- --  -- -- --  -- -- --  -- v2 --  -- v2 --  -- v2 --  -- v2 --  -- V2 --  -- V2 --  -- V2 --
