Z1 Z1 --  Z1 Z1 --  Z1 Z1 --  Z1 Z1 --  Z1 Z1 --  Z1 Z1 --  Z1 Z1 --  Z1 Z1 --  Z1 Z1 --  Z1 Z1 --  Z1 Z1 --  Z1 Z1 --  Z1 Z1 --  Z1 Z1 --  Z1 Z1 --  Z1 Z1 --  Z1 Z1 --  Z1 Z1 --  Z1 Z1 --  Z1 Z1 --  Z1 Z1 --  Z1 Z1 --  Z1 Z1 --
Z1 -- --  -- -- --  -- -- --  -- -- --  -- -- --  -- -- --  -- -- --  -- -- --  -- -- --  -- -- --  -- -- --  -- -- --  -- -- --  -- -- --  -- -- --  -- -- --  -- -- --  -- -- --  -- -- --  -- -- --  -- -- --  -- -- --  -- -- Z1
Z2 -- --  Z2 -- --  Z2 -- --  Z2 -- --  Z2 -- --  Z2 -- --  Z2 -- --  Z2 -- --  Z2 -- --  Z2 -- --  Z2 -- --  Z2 -- --  Z2 -- --  Z2 -- --  Z2 -- --  Z2 -- --  Z2 -- --  Z2 -- --  Z2 -- --  Z2 -- --  Z2 -- --  Z2 -- --  Z2 -- --

Z1 -- --  C2 V5 --  C2 V6 --  C2 V5 --  C2 V5 --  C2 V6 --  C2 V3 --  C2 V4 --  C2 V3 --  C2 V4 --  C2 V4 --  C2 V3 --  C2 V3 --  C2 V4 --  C2 V4 --  C2 V3 --  C2 V4 --  C2 V4 --  C2 V3 --  C2 V4 --  C3 W6 --  C3 W6 --  Z1 -- --
Z1 -- --  V6 -- --  -- -- --  -- -- --  -- -- --  -- -- --  W3 -- --  -- -- --  -- -- --  -- -- --  -- -- --  -- -- --  -- -- --  -- -- --  -- -- --  -- -- --  -- -- W3  W3 -- --  -- -- --  -- -- W3  W3 -- --  -- -- W6  -- -- Z1
Z2 -- --  F7 -- --  F7 -- --  F7 -- --  F7 -- --  F7 -- --  F7 -- --  F7 -- --  F7 -- --  F7 -- --  F7 -- --  F7 -- --  F7 -- --  F7 -- --  F7 -- --  F7 -- --  F7 -- --  F4 W3 --  F4 -- --  F4 W3 --  F2 -- --  F2 -- --  Z2 -- --

Z1 -- --  C2 -- --  C2 -- --  C2 -- --  C2 -- --  C2 -- --  C2 -- --  C2 -- --  C2 -- --  C2 -- --  C2 -- --  C2 -- --  C2 -- --  C2 -- --  C2 -- --  C2 -- --  C2 -- --  C2 W3 --  C2 D2 --  C2 W3 --  C3 -- --  C3 -- --  Z1 -- --
Z1 -- --  V6 -- --  -- -- --  -- -- --  -- -- --  -- -- --  W3 -- --  -- -- --  -- -- --  -- -- --  -- -- --  -- -- --  -- -- --  -- -- --  -- -- --  -- -- --  -- -- W3  W3 -- --  -- -- --  -- -- W3  W3 -- --  -- -- W6  -- -- Z1
Z2 -- --  F7 -- --  F7 -- --  F7 -- --  F7 -- --  F7 -- --  F7 -- --  F7 -- --  F7 -- --  F7 -- --  F7 -- --  F7 -- --  F7 -- --  F7 -- --  F7 -- --  F7 -- --  F7 -- --  F4 -- --  F4 -- --  F4 -- --  F2 -- --  F2 -- --  Z2 -- --

Z1 -- --  C2 -- --  C2 -- --  C2 D2 --  C2 W2 --  C2 W2 --  C2 -- --  C2 -- --  C2 -- --  C2 -- --  C2 -- --  C2 -- --  C2 -- --  C2 -- --  C2 -- --  C2 -- --  C2 -- --  C2 -- --  C2 -- --  C2 -- T2  C3 -- --  C3 -- --  Z1 -- --
Z1 -- --  V5 -- --  -- -- --  W2 -- --  -- -- --  -- -- --  -- -- --  -- -- --  -- -- --  -- -- --  -- -- --  -- -- --  -- -- --  -- -- --  -- -- --  -- -- --  -- -- --  -- -- --  -- -- --  -- @w D2  D2 -- --  -- -- W6  -- -- Z1
Z2 -- --  F7 -- --  F7 -- --  F7 -- --  F7 -- --  F7 -- --  F7 -- --  F7 -- --  F7 -- --  F7 -- --  F7 -- --  F7 -- --  F7 -- --  F7 -- --  F7 W2 --  F7 W2 --  F7 -- --  F4 -- --  F4 -- --  F4 -- --  F2 -- --  F2 -- --  Z2 -- --

Z1 -- --  C2 G1 --  C2 G1 --  C2 -- --  C2 -- --  C2 -- --  C2 -- --  C2 -- --  C2 -- --  C2 -- --  C2 -- --  C2 -- --  C2 -- --  C2 -- --  C2 W3 --  C2 W3 --  C2 -- --  C2 W5 --  C2 -- --  C2 -- --  C3 -- --  C3 -- --  Z1 -- --
Z1 -- --  V5 -- --  -- -- --  -- -- --  -- -- --  -- -- --  -- -- --  -- -- --  -- -- --  -- -- --  -- -- --  -- -- --  -- -- --  -- -- H1  W3 -- --  -- -- W3  W2 -- W3  W3 -- --  W5 -- --  -- -- W3  W3 -- --  -- -- W6  -- -- Z1
Z2 -- --  F7 -- --  F7 -- --  F7 -- --  F7 -- --  F7 -- --  F7 -- --  F7 -- --  F7 -- --  F7 -- --  F7 -- --  F7 -- --  F7 -- --  F7 -- --  F7 -- --  F7 -- --  F7 -- --  F4 -- --  F4 -- --  F4 -- --  F2 -- --  F2 -- --  Z2 -- --

Z1 -- --  C2 -- --  C2 -- --  C2 -- --  C2 -- --  C2 -- --  C2 -- --  C2 -- --  C2 -- --  C2 -- --  C2 -- --  C2 -- --  C2 -- --  C2 -- --  C2 -- --  C2 -- --  C2 -- --  C2 -- --  C2 -- --  C2 -- --  C3 -- --  C3 -- --  Z1 -- --
Z1 -- --  V5 -- --  -- -- --  -- -- --  -- -- --  -- -- --  -- -- --  -- -- --  -- -- --  -- -- --  -- -- --  -- -- --  -- -- --  -- -- H2  W3 -- --  -- -- --  -- -- W3  W3 -- --  W5 -- --  -- -- W3  W3 -- --  -- -- W6  -- -- Z1
Z2 -- --  F7 -- --  F7 -- --  F7 -- --  F7 -- --  F7 V4 --  F7 V3 --  F7 V3 --  F7 V4 --  F7 V4 --  F7 V4 --  F7 V3 --  F7 V4 --  F7 V4 --  F7 -- --  F7 -- --  F7 -- --  F4 G1 --  F4 G1 --  F4 G1 --  F2 W6 --  F2 W6 --  Z2 -- --

Z1 -- --  C2 -- --  C2 -- --  C2 -- --  C2 -- --  Z1 V4 --  Z1 V3 --  Z1 V3 --  Z1 V4 --  Z1 V4 --  Z1 V4 --  Z1 V3 --  Z1 V4 --  Z1 V4 --  C2 -- --  C2 -- --  C2 -- --  C2 G1 --  C2 G1 --  C2 G1 --  Z1 V3 --  Z1 V4 --  Z1 -- --
Z1 -- --  V6 -- --  -- -- --  -- -- --  -- -- V5  V5 -- --  -- -- --  -- -- --  -- -- --  -- -- --  -- -- --  -- -- --  -- -- --  -- -- V3  V3 -- --  -- -- W4  W4 -- W4  W4 -- --  -- -- --  -- -- V5  V5 -- --  -- -- --  -- -- Z1
Z2 -- --  F7 -- --  F7 -- --  F7 -- --  F7 -- --  Z2 -- --  Z2 -- --  Z2 -- --  Z2 -- --  Z2 -- --  Z2 -- --  Z2 -- --  Z2 -- --  Z2 -- --  F7 -- --  F7 -- --  F7 -- --  F7 -- --  F7 -- --  F7 -- --  Z2 -- --  Z2 -- --  Z2 -- --

Z1 -- --  C2 -- --  C2 -- --  C2 -- --  C2 -- --  Z1 -- --  Z1 -- --  Z1 -- --  Z1 -- --  Z1 -- --  Z1 -- --  Z1 -- --  Z1 -- --  Z1 -- --  C2 -- --  C2 -- --  C2 -- --  C2 -- --  C2 -- --  C2 -- --  Z1 -- --  Z1 -- --  Z1 -- --
Z1 -- --  V5 -- --  -- -- --  -- -- --  -- -- V6  V6 -- --  -- -- --  -- -- --  -- -- --  -- -- --  -- -- --  -- -- --  -- -- --  -- -- V3  V3 -- --  -- -- --  -- -- --  -- -- --  -- -- --  -- -- V6  V6 -- --  -- -- --  -- -- Z1
Z2 -- --  F7 -- --  F7 -- --  F7 -- --  F7 -- --  Z2 -- --  Z2 -- --  Z2 -- --  Z2 -- --  Z2 -- --  Z2 -- --  Z2 -- --  Z2 -- --  Z2 -- --  F7 -- --  F7 -- --  F7 -- --  F7 -- --  F7 -- --  F7 -- --  Z2 -- --  Z2 -- --  Z2 -- --

Z1 -- --  C2 -- --  C2 -- --  C2 -- --  C2 -- --  Z1 -- --  Z1 -- --  Z1 -- --  Z1 -- --  Z1 -- --  Z1 -- --  Z1 -- --  Z1 -- --  Z1 -- --  C2 -- --  C2 -- --  C2 -- --  C2 -- --  C2 -- --  C2 -- --  Z1 -- --  Z1 -- --  Z1 -- --
Z1 -- --  V6 -- --  -- -- --  -- -- --  -- -- V6  V6 -- --  -- -- --  -- -- --  -- -- --  -- -- --  -- -- --  -- -- --  -- -- --  -- -- V3  V3 -- --  -- -- W4  W4 -- W4  W4 -- --  -- -- --  -- -- V6  V6 -- --  -- -- --  -- -- Z1
Z2 -- --  F7 -- --  F7 -- --  F7 -- --  F7 -- --  Z2 -- --  Z2 -- --  Z2 -- --  Z2 -- --  Z2 -- --  Z2 -- --  Z2 -- --  Z2 -- --  Z2 -- --  F7 -- --  F7 -- --  F7 -- --  F7 -- --  F7 -- --  F7 -- --  Z2 -- --  Z2 -- --  Z2 -- --

Z1 -- --  C2 -- --  C2 -- --  C2 -- --  C2 -- --  Z1 -- --  Z1 -- --  Z1 -- --  Z1 -- --  Z1 -- --  Z1 -- --  Z1 -- --  Z1 -- --  Z1 -- --  C2 -- --  C2 -- --  C2 -- --  C2 -- --  C2 -- --  C2 -- --  Z1 -- --  Z1 -- --  Z1 -- --
Z1 -- --  V5 -- --  -- -- --  -- -- --  -- -- V6  V6 -- --  -- -- --  -- -- --  -- -- --  -- -- --  -- -- --  -- -- --  -- -- --  -- -- V3  V3 -- --  -- -- W4  W4 -- W4  W4 -- --  -- -- --  -- -- V5  V5 -- --  -- -- --  -- -- Z1
Z2 -- --  F7 -- --  F7 -- --  F7 -- --  F7 -- --  Z2 -- --  Z2 -- --  Z2 -- --  Z2 -- --  Z2 -- --  Z2 -- --  Z2 -- --  Z2 -- --  Z2 -- --  F7 W3 --  F7 W3 --  F7 -- --  F7 -- --  F7 -- --  F7 -- --  Z2 V5 --  Z2 V5 --  Z2 -- --

Z1 -- --  C2 -- --  C2 -- --  C2 -- --  C2 -- --  Z1 -- --  Z1 -- --  Z1 -- --  Z1 -- --  Z1 -- --  Z1 -- --  Z1 -- --  Z1 -- --  Z1 -- --  C2 W3 --  C2 W3 --  C2 -- --  C2 -- --  C2 -- --  C2 -- --  C2 V5 --  C2 V5 --  Z1 -- --
Z1 -- --  V5 -- --  -- -- --  -- -- --  -- -- V5  V5 -- --  -- -- --  -- -- --  -- -- --  -- -- --  -- -- --  -- -- --  -- -- --  -- -- D1  D1 -- --  -- -- --  -- -- --  -- -- --  -- -- --  -- -- W3  W3 -- --  -- -- W3  -- -- Z1
Z2 -- --  F7 -- --  F7 -- --  F7 -- --  F7 -- --  Z2 -- --  Z2 -- --  Z2 -- --  Z2 -- --  Z2 -- --  Z2 -- --  Z2 -- --  Z2 -- --  Z2 -- --  F7 -- --  F7 -- --  F7 -- --  F9 -- --  F9 -- --  F9 -- --  F4 -- --  F4 -- --  Z2 -- --

Z1 -- --  C2 -- --  C2 -- --  C2 -- --  C2 -- --  Z1 -- --  Z1 -- --  Z1 -- --  Z1 -- --  Z1 -- --  Z1 -- --  Z1 -- --  Z1 -- --  Z1 -- --  C2 -- --  C2 -- --  C2 -- --  C2 -- --  C2 -- --  C2 -- --  C2 -- --  C2 -- --  Z1 -- --
Z1 -- --  V5 -- --  -- -- --  -- -- --  -- -- V5  V5 -- --  -- -- --  -- -- --  -- -- --  -- -- --  -- -- --  -- -- --  -- -- --  -- -- W3  W3 -- --  -- -- --  -- -- W4  W4 -- --  -- -- --  -- -- --  -- -- --  -- -- W3  -- -- Z1
Z2 -- --  F7 -- --  F7 -- --  F7 -- --  F7 -- --  Z2 -- --  Z2 -- --  Z2 -- --  Z2 -- --  Z2 -- --  Z2 -- --  Z2 -- --  Z2 -- --  Z2 -- --  F7 -- --  F7 -- --  F7 -- --  F9 -- --  F9 -- --  F9 -- --  F4 -- --  F4 -- --  Z2 -- --

Z1 -- --  C2 -- --  C2 -- --  C2 -- --  C2 -- --  Z1 -- --  Z1 -- --  Z1 -- --  Z1 -- --  Z1 -- --  Z1 -- --  Z1 -- --  Z1 -- --  Z1 -- --  C2 -- --  C2 -- --  C2 -- --  C2 -- --  C2 -- --  C2 -- --  C2 -- --  C2 -- --  Z1 -- --
Z1 -- --  V6 -- --  -- -- --  -- -- --  -- -- V6  V6 -- --  -- -- --  -- -- --  -- -- --  -- -- --  -- -- --  -- -- --  -- -- --  -- -- W3  W3 -- --  -- -- --  -- -- --  -- -- --  -- -- --  -- -- G1  G1 -- --  -- -- W3  -- -- Z1
Z2 -- --  F7 -- --  F7 -- --  F7 -- --  F7 -- --  Z2 W3 --  Z2 W3 --  Z2 W3 --  Z2 -- --  Z2 -- --  Z2 -- --  Z2 -- --  Z2 -- --  Z2 -- --  F7 -- --  F7 -- --  F7 -- --  F9 -- --  F9 -- --  F9 -- --  F4 -- --  F4 -- --  Z2 -- --

Z1 -- --  C2 -- --  C2 -- --  C2 -- --  C2 -- --  C2 W3 --  C2 D1 --  C2 W3 --  Z1 -- --  Z1 -- --  Z1 -- --  Z1 -- --  Z1 -- --  Z1 -- --  C2 -- --  C2 -- --  C2 -- --  C2 -- --  C2 -- --  C2 -- --  C2 -- --  C2 -- --  Z1 -- --
Z1 -- --  V6 -- --  -- -- --  -- -- --  -- -- --  -- -- --  -- -- --  -- -- D1  V3 -- --  -- -- --  -- -- --  -- -- --  -- -- --  -- -- W3  W3 -- --  -- -- --  -- -- W4  W4 -- --  -- -- --  -- -- G1  G1 -- --  -- -- W3  -- -- Z1
Z2 -- --  F7 W2 --  F7 W2 --  F7 D1 --  F7 W3 --  F7 V6 --  F3 V6 --  F3 W3 --  Z2 -- --  Z2 -- --  Z2 -- --  Z2 -- --  Z2 -- --  Z2 -- --  F7 D1 --  F7 D1 --  F7 V5 --  F9 V6 --  F9 V5 --  F9 V6 --  F4 V5 --  F4 V5 --  Z2 -- --

Z1 -- --  Z1 -- --  Z1 -- --  Z1 -- --  Z1 -- --  Z1 -- --  Z1 -- --  Z1 -- --  Z1 -- --  Z1 -- --  Z1 -- --  Z1 -- --  Z1 -- --  Z1 -- --  Z1 -- --  Z1 -- --  Z1 -- --  Z1 -- --  Z1 -- --  Z1 -- --  Z1 -- --  Z1 -- --  Z1 -- --
Z1 -- --  -- -- --  -- -- --  -- -- --  -- -- --  -- -- --  -- -- --  -- -- --  -- -- --  -- -- --  -- -- --  -- -- --  -- -- --  -- -- --  -- -- --  -- -- --  -- -- --  -- -- --  -- -- --  -- -- --  -- -- --  -- -- --  -- -- Z1
Z2 Z1 --  Z2 Z1 --  Z2 Z1 --  Z2 Z1 --  Z2 Z1 --  Z2 Z1 --  Z2 Z1 --  Z2 Z1 --  Z2 Z1 --  Z2 Z1 --  Z2 Z1 --  Z2 Z1 --  Z2 Z1 --  Z2 Z1 --  Z2 Z1 --  Z2 GG --  Z2 Z1 --  Z2 Z1 --  Z2 Z1 --  Z2 Z1 --  Z2 Z1 --  Z2 Z1 --  Z2 Z1 --
